src/components/AdminView.tsx(117,55): error TS2345: Argument of type '"COMPLETED" | "FAILED"' is not assignable to parameter of type '"COMPLETED" | "REJECTED"'.
  Type '"FAILED"' is not assignable to type '"COMPLETED" | "REJECTED"'.
src/components/LeaderboardView.tsx(23,13): error TS2339: Property 'getLeaderboard' does not exist on type 'Api'.
src/components/LeaderboardView.tsx(24,19): error TS7006: Parameter 'res' implicitly has an 'any' type.
src/components/WalletView.tsx(13,12): error TS6133: 'copied' is declared but its value is never read.
src/components/WalletView.tsx(18,11): error TS6133: 'copyAddress' is declared but its value is never read.
