src/controllers/payment.controller.ts(3,19): error TS2307: Cannot find module 'axios' or its corresponding type declarations.
src/middlewares/antiCheat.middleware.ts(14,39): error TS2353: Object literal may only specify known properties, and 'fraudScore' does not exist in type 'UserSelect<DefaultArgs>'.
src/middlewares/antiCheat.middleware.ts(22,45): error TS2339: Property 'fraudScore' does not exist on type '{ referrerId: string | null; id: string; telegramUsername: string | null; isPremium: boolean; role: Role; balance: Decimal; totalDeposit: Decimal; totalWithdraw: Decimal; ... 5 more ...; luckySpinTickets: number; }'.
src/middlewares/antiCheat.middleware.ts(23,101): error TS2339: Property 'fraudScore' does not exist on type '{ referrerId: string | null; id: string; telegramUsername: string | null; isPremium: boolean; role: Role; balance: Decimal; totalDeposit: Decimal; totalWithdraw: Decimal; ... 5 more ...; luckySpinTickets: number; }'.
